
                                                                                                    PAGE 1








------------------------------------------------------------------------------------------------------------------------

INPUT FILE: mch.obj

srset=00001162      catchjsr=0000100C   intre=00001114      csave=00001142      bzero=000011EC      
bcmp=00001202       catch=00008750      intrf=00001110      spl5=0000118A       catchtype=0000874C  
wait=0000112C       spl6=00001194       spval=00001152      spl7=0000119E       swal=000011B8       
srval=0000116A      exit=000011CC       swap=000011C4       trap15=0000103E     swab=000011A8       
bcopy=000011D0      cret=00001132       swas=000011B0       spset=00001158      spl=00001170        
spl0=00001180       bswab=00001222      

RELOCATABLE SECTION 0   00001000 - 00001049     SIZE = 0000004A
RELOCATABLE SECTION 9   00001110 - 00001239     SIZE = 0000012A
RELOCATABLE SECTION 14  00008746 - 00008753     SIZE = 0000000E



------------------------------------------------------------------------------------------------------------------------

INPUT FILE: version.obj

versminor=0000123E  versedit=00001242   versmajor=0000123A  versdate=00001246   

RELOCATABLE SECTION 9   0000123A - 00001259     SIZE = 00000020



------------------------------------------------------------------------------------------------------------------------

INPUT FILE: abasm.obj





------------------------------------------------------------------------------------------------------------------------

INPUT FILE: ab.obj





------------------------------------------------------------------------------------------------------------------------

INPUT FILE: ab_io.obj






                                                                                                    PAGE 2






------------------------------------------------------------------------------------------------------------------------

INPUT FILE: arp.obj

ar_map=00001C60     ar_rescnt=00008A98  ar_csIP=000022DE    ar_ring=0000125A    ar_input=00001388   
ar_badIP=000022A0   ar_IPnet=00008ABA   ar_unmap=00001DD6   ar_output=000020D6  ar_recast=00001EDC  
ar_src_moved=00008AB4                   arfree=00008A9C     lrufree=00008AA6    ar_lruq=00008A8E    
addmap=00008776     ar_cnt=00008AB0     ar_remap=00001A40   arhash=00001D9C     ar_IPmask=00008AB6  
pa_fmt=0000231E     ar_remlru=00001E18  ar_xppring=00002066 ar_xppr=00002004    ar_addlru=00001E70  
ar_ckmap=00001D10   

RELOCATABLE SECTION 9   0000125A - 00002367     SIZE = 0000110E
RELOCATABLE SECTION 14  00008754 - 00008ABD     SIZE = 0000036A



------------------------------------------------------------------------------------------------------------------------

INPUT FILE: arpquery.obj

V0_ar_rcparplist=00002368               V1_ar_rcparplist=00002438               

RELOCATABLE SECTION 9   00002368 - 00002507     SIZE = 000001A0



------------------------------------------------------------------------------------------------------------------------

INPUT FILE: confrom.obj

fixptrs=000026E4    display_rom=000025CC                    find_confrom=00002508                   
fakerom=00008B98    

RELOCATABLE SECTION 9   00002508 - 00002719     SIZE = 00000212
RELOCATABLE SECTION 14  00008ABE - 00008DAD     SIZE = 000002F0



------------------------------------------------------------------------------------------------------------------------

INPUT FILE: device.obj

initdevice=000027D2 dvflush=0000277E    isme=0000274C       isbroadcast=0000271A                    

RELOCATABLE SECTION 9   0000271A - 000027F1     SIZE = 000000D8



------------------------------------------------------------------------------------------------------------------------

INPUT FILE: doprintf.obj

sprintf=00002804    doprintf=00002838   

                                                                                                    PAGE 3







RELOCATABLE SECTION 9   000027F2 - 00002AB7     SIZE = 000002C6
RELOCATABLE SECTION 14  00008DAE - 00008DB1     SIZE = 00000004



------------------------------------------------------------------------------------------------------------------------

INPUT FILE: ec.obj

ECPOFF=00008E16     ecintr=00002B16     ecstart=00002D06    ecrintr=00002B7A    ecreset=00002AB8    
ecxintr=00002D88    ecjintr=00002DEA    

RELOCATABLE SECTION 9   00002AB8 - 00002E7F     SIZE = 000003C8
RELOCATABLE SECTION 14  00008DB2 - 00008E17     SIZE = 00000066



------------------------------------------------------------------------------------------------------------------------

INPUT FILE: ec_io.obj

ec_input=00002E80   ec_output=00003050  

RELOCATABLE SECTION 9   00002E80 - 000031D7     SIZE = 00000358
RELOCATABLE SECTION 14  00008E18 - 00008E85     SIZE = 0000006E



------------------------------------------------------------------------------------------------------------------------

INPUT FILE: errorlog.obj

Ierrorlog=000031D8  V1_rc_errorlog=00003302                 errorlog=000031DA   

RELOCATABLE SECTION 9   000031D8 - 0000333F     SIZE = 00000168
RELOCATABLE SECTION 14  00008E86 - 0000925F     SIZE = 000003DA



------------------------------------------------------------------------------------------------------------------------

INPUT FILE: globalsw.obj

toggle=000034F6     functionflags=00009360                  debugflags=00009364 
ttysetswitch=00003340                   

RELOCATABLE SECTION 9   00003340 - 0000353D     SIZE = 000001FE
RELOCATABLE SECTION 14  00009260 - 00009367     SIZE = 00000108



------------------------------------------------------------------------------------------------------------------------

                                                                                                    PAGE 4







INPUT FILE: icmp.obj

icredir=00003904    icunreach=00003A3E  ic_format=00003684  icmpid=000093F4     ic_reply=0000353E   
ic_input=00003742   

RELOCATABLE SECTION 9   0000353E - 00003B17     SIZE = 000005DA
RELOCATABLE SECTION 14  00009368 - 000093F5     SIZE = 0000008E



------------------------------------------------------------------------------------------------------------------------

INPUT FILE: ifree.obj





------------------------------------------------------------------------------------------------------------------------

INPUT FILE: il.obj

ILPOFF=0000946E     ilxinit=00003D96    ilintr=000040C8     ilstart=0000442C    ilrnrintr=00004258  
V1_ildiag_diag=00004816                 ilrecv=000042A2     V1_ildiag_dump=00004696                 
ilresume=000040A8   ilreset=00003B18    ilcmd=00003FAA      V1_ildiag_tdr=00004608                  
ilrestart=0000400A  ilfrintr=00004162   ildiag=000045C0     ilrinit=00003C92    ildump=00003EB0     
V1_ildiag_dumpprt=00004784              ilsetaddr=00003F46  ilcxintr=000043AC   ilxwedged=0000454A  
ildoconf=00003E16   V1_ildiag_stats=00004746                

RELOCATABLE SECTION 9   00003B18 - 00004891     SIZE = 00000D7A
RELOCATABLE SECTION 14  000093F6 - 00009471     SIZE = 0000007C



------------------------------------------------------------------------------------------------------------------------

INPUT FILE: il_io.obj

il_input=00004892   il_output=00004A62  

RELOCATABLE SECTION 9   00004892 - 00004BE5     SIZE = 00000354
RELOCATABLE SECTION 14  00009472 - 000094C9     SIZE = 00000058



------------------------------------------------------------------------------------------------------------------------

INPUT FILE: intr.obj

setvector=00004BE6  

RELOCATABLE SECTION 9   00004BE6 - 00004C47     SIZE = 00000062

                                                                                                    PAGE 5






RELOCATABLE SECTION 14  000094CA - 000094D3     SIZE = 0000000A



------------------------------------------------------------------------------------------------------------------------

INPUT FILE: ip.obj

iprampdown=000060EC ip_rcv=00005B30     ipknowngw=00009632  ip_cksm=00005D6C    ip_map=00005F0C     
iprecopt=000055E2   ip_cmask=00009726   ipmap=0000963E      ip_input=00004C48   iproute=00004DE8    
ip_cnlen=00009736   logbad=00005CAE     ipfrag=000058EE     ip_output=00005BE2  ip_unmap=000060BC   
ipgetopt=0000544A   ip_cnt=0000973A     ip_remap=00005FA2   ip_nfmt=00005EBC    ip_prt=00005DCC     
ip_fmt=00005E72     ipredir=00005846    

RELOCATABLE SECTION 9   00004C48 - 00006129     SIZE = 000014E2
RELOCATABLE SECTION 14  000094D4 - 00009745     SIZE = 00000272



------------------------------------------------------------------------------------------------------------------------

INPUT FILE: main.obj

timeup=0000627E     main=0000612A       systat=000061F6     

RELOCATABLE SECTION 9   0000612A - 00006301     SIZE = 000001D8
RELOCATABLE SECTION 14  00009746 - 000097C9     SIZE = 00000084



------------------------------------------------------------------------------------------------------------------------

INPUT FILE: malloc.obj

maxaddr=000097E2    zalloc=000063C0     malloc=00006302     maxfree=000097DE    mavail=000063E4     
mhead=000097DA      mfree=00006400      

RELOCATABLE SECTION 9   00006302 - 000064DF     SIZE = 000001DE
RELOCATABLE SECTION 14  000097CA - 000097E5     SIZE = 0000001C



------------------------------------------------------------------------------------------------------------------------

INPUT FILE: memory.obj





------------------------------------------------------------------------------------------------------------------------

INPUT FILE: packet.obj

                                                                                                    PAGE 6







pfree=00006518      pfreeq=000097E6     palloc=000064E0     PSIZE=000097F0      POFF=000097F4       
pempty=000097FC     PLEN=000097F8       

RELOCATABLE SECTION 9   000064E0 - 0000656F     SIZE = 00000090
RELOCATABLE SECTION 14  000097E6 - 000097FF     SIZE = 0000001A



------------------------------------------------------------------------------------------------------------------------

INPUT FILE: patch.obj

needspatched=00006570                   patchpi=000065A0    

RELOCATABLE SECTION 9   00006570 - 000065D1     SIZE = 00000062
RELOCATABLE SECTION 14  00009800 - 00009825     SIZE = 00000026



------------------------------------------------------------------------------------------------------------------------

INPUT FILE: proc.obj

prelease=0000680C   makeproc=000065D2   pswitch=00006782    splim=00009904      runq=0000987A       
waitq=00009884      sleep=000066D4      addproc=000066A8    wakeup=00006728     curproc=00009826    
nullproc=0000982A   

RELOCATABLE SECTION 9   000065D2 - 00006853     SIZE = 00000282
RELOCATABLE SECTION 14  00009826 - 00009907     SIZE = 000000E2



------------------------------------------------------------------------------------------------------------------------

INPUT FILE: procu.obj

callproc=00006854   

RELOCATABLE SECTION 9   00006854 - 000068CD     SIZE = 0000007A
RELOCATABLE SECTION 14  00009908 - 00009917     SIZE = 00000010



------------------------------------------------------------------------------------------------------------------------

INPUT FILE: proto.obj

proto=00009918      dvhead=00009960     

RELOCATABLE SECTION 14  00009918 - 00009963     SIZE = 0000004C



                                                                                                    PAGE 7







------------------------------------------------------------------------------------------------------------------------

INPUT FILE: ptm.obj

timerq=00009970     ptmreset=000068CE   tinterval=0000996C  ptmintr=00006920    ticks=00009968      
alarmq=0000997A     time=00009964       

RELOCATABLE SECTION 9   000068CE - 000069C1     SIZE = 000000F4
RELOCATABLE SECTION 14  00009964 - 00009983     SIZE = 00000020



------------------------------------------------------------------------------------------------------------------------

INPUT FILE: queue.obj

initqentry=000069D4 enqueue=000069E2    initqueue=000069C2  dequeue=00006A0A    

RELOCATABLE SECTION 9   000069C2 - 00006A2F     SIZE = 0000006E



------------------------------------------------------------------------------------------------------------------------

INPUT FILE: rcp.obj

rcpreboot=00009AC6  V1_do_rc_diag=0000731C                  rcpid=00009AB8      rcppswd=00009ABC    
rcpsaddr=00009AAA   rc_input=00006A30   rc_valid=000070FC   rc_output=00007146  rcpvalid=00009ABA   
V1_getdiagdv=000072E8                   V1_rc_device=00007486                   rc_prt=000071AE     
rc_append=000072A6  rcpsport=00009AB6   V1_rc_uptime=0000739C                   

RELOCATABLE SECTION 9   00006A30 - 0000754B     SIZE = 00000B1C
RELOCATABLE SECTION 14  00009984 - 00009AC7     SIZE = 00000144



------------------------------------------------------------------------------------------------------------------------

INPUT FILE: timer.obj

tm_ring=0000754C    aldisable=0000770A  alenable=000076C8   tm_queue=000075DC   alalloc=0000768C    
alarm=00007630      

RELOCATABLE SECTION 9   0000754C - 0000772B     SIZE = 000001E0
RELOCATABLE SECTION 14  00009AC8 - 00009ADB     SIZE = 00000014



------------------------------------------------------------------------------------------------------------------------

INPUT FILE: trap.obj


                                                                                                    PAGE 8






tbuf=00009C48       bootvec=00009C08    boot=000078F6       introk=00009C60     savecx=00009C0C     
panic=0000772C      utrap=00007778      nxmok=00009C5C      rbaddr=00009C44     

RELOCATABLE SECTION 9   0000772C - 00007923     SIZE = 000001F8
RELOCATABLE SECTION 14  00009ADC - 00009C63     SIZE = 00000188



------------------------------------------------------------------------------------------------------------------------

INPUT FILE: troll.obj

rs_map=000079FC     rsmap=00009C64      rs_remap=00007924   rshash=00007AAC     isrestr=00007A8A    

RELOCATABLE SECTION 9   00007924 - 00007AE5     SIZE = 000001C2
RELOCATABLE SECTION 14  00009C64 - 00009D4B     SIZE = 000000E8



------------------------------------------------------------------------------------------------------------------------

INPUT FILE: tty.obj

ttdv=00009D64       tttail=00009D5C     flush=00007C12      printf=00007B50     ttintr=00007CBE     
cprintf=00007B34    ttchar=00009D60     ttstart=00007D14    putchar=00007B6C    tt_input=00007C5E   
cputchar=00007AE6   tthead=00009D58     ttbuff=00009D50     ttreset=00007C8E    ttend=00009D54      

RELOCATABLE SECTION 9   00007AE6 - 00007D6D     SIZE = 00000288
RELOCATABLE SECTION 14  00009D4C - 00009D69     SIZE = 0000001E



------------------------------------------------------------------------------------------------------------------------

INPUT FILE: udp.obj

ud_format=00007F4C  udpid=00009DCA      ud_input=00007D6E   ud_output=00007ECA  ud_prt=00008006     

RELOCATABLE SECTION 9   00007D6E - 0000804D     SIZE = 000002E0
RELOCATABLE SECTION 14  00009D6A - 00009DCB     SIZE = 00000062



------------------------------------------------------------------------------------------------------------------------

INPUT FILE: vv.obj

vvxintr=00008344    vvxstart=000082FC   VVPOFF=00009E00     VVRWC=00009E02      vvintr=0000810C     
vvrintr=0000814E    vvrstart=000080C4   vvreset=0000804E    

RELOCATABLE SECTION 9   0000804E - 00008453     SIZE = 00000406
RELOCATABLE SECTION 14  00009DCC - 00009E03     SIZE = 00000038


                                                                                                    PAGE 9








------------------------------------------------------------------------------------------------------------------------

INPUT FILE: vv_io.obj

vv_input=00008454   vv_output=000085D0  

RELOCATABLE SECTION 9   00008454 - 00008741     SIZE = 000002EE
RELOCATABLE SECTION 14  00009E04 - 00009E5B     SIZE = 00000058



------------------------------------------------------------------------------------------------------------------------

INPUT FILE: /usr/ee/lib/crt68.obj

lmodt=000010C4      ulmult=0000108A     ldivt=000010E8      ulmodt=000010AA     uldivt=000010B6     
lmult=0000108A      

RELOCATABLE SECTION 0   0000104A - 0000110F     SIZE = 000000C6



------------------------------------------------------------------------------------------------------------------------

INPUT FILE: firstI.obj

tempcode=00009E5C   tempsize=00009E68   

RELOCATABLE SECTION 14  00009E5C - 00009E6B     SIZE = 00000010



------------------------------------------------------------------------------------------------------------------------

INPUT FILE: abI.obj





------------------------------------------------------------------------------------------------------------------------

INPUT FILE: aconfI.obj

minor_free=00009E6C Idvproto=0000A426   Idvexec=0000A456    Idvattach=0000A746  Iconfigure=00009EB8 

RELOCATABLE SECTION 14  00009E6C - 0000A867     SIZE = 000009FC



------------------------------------------------------------------------------------------------------------------------

                                                                                                    PAGE 10







INPUT FILE: arpI.obj

Iardv=0000A868      

RELOCATABLE SECTION 14  0000A868 - 0000A911     SIZE = 000000AA



------------------------------------------------------------------------------------------------------------------------

INPUT FILE: driversI.obj

autoconf=0000A912   

RELOCATABLE SECTION 14  0000A912 - 0000A929     SIZE = 00000018



------------------------------------------------------------------------------------------------------------------------

INPUT FILE: ecI.obj

Iec=0000A9B0        ecautoconf=0000A9FE Iecprobe=0000A92A   ecconfig=0000AA30   

RELOCATABLE SECTION 14  0000A92A - 0000AA61     SIZE = 00000138



------------------------------------------------------------------------------------------------------------------------

INPUT FILE: ilI.obj

ilautoconf=0000AC24 Iilprobe=0000AA62   ilconfig=0000AC56   Iil=0000ABB0        

RELOCATABLE SECTION 14  0000AA62 - 0000AC87     SIZE = 00000226



------------------------------------------------------------------------------------------------------------------------

INPUT FILE: intrI.obj

Iprobe=0000AC88     Iintr=0000AD90      

RELOCATABLE SECTION 14  0000AC88 - 0000ADE3     SIZE = 0000015C



------------------------------------------------------------------------------------------------------------------------

INPUT FILE: ipI.obj


                                                                                                    PAGE 11






Iip=0000AF90        Iipinit=0000B082    Iipredir=0000AFDA   Iipkngw=0000AFBE    Iipdv=0000ADE4      

RELOCATABLE SECTION 14  0000ADE4 - 0000B085     SIZE = 000002A2



------------------------------------------------------------------------------------------------------------------------

INPUT FILE: memoryI.obj

pkmalloc=0000B1EE   Isize=0000B086      pkpool=0000B1FE     

RELOCATABLE SECTION 14  0000B086 - 0000B201     SIZE = 0000017C



------------------------------------------------------------------------------------------------------------------------

INPUT FILE: packetI.obj

Ipalloc=0000B202    Ipinit=0000B3BE     

RELOCATABLE SECTION 14  0000B202 - 0000B455     SIZE = 00000254



------------------------------------------------------------------------------------------------------------------------

INPUT FILE: procI.obj





------------------------------------------------------------------------------------------------------------------------

INPUT FILE: ptmI.obj

ptmautoconf=0000B4CC                    Iptmprobe=0000B456  

RELOCATABLE SECTION 14  0000B456 - 0000B501     SIZE = 000000AC



------------------------------------------------------------------------------------------------------------------------

INPUT FILE: rcpI.obj

Ircdv=0000B502      

RELOCATABLE SECTION 14  0000B502 - 0000B507     SIZE = 00000006



                                                                                                    PAGE 12







------------------------------------------------------------------------------------------------------------------------

INPUT FILE: trapI.obj

NXM_check=0000B566  Ibadaddr=0000B59A   Ivector=0000B508    

RELOCATABLE SECTION 14  0000B508 - 0000B5B7     SIZE = 000000B0



------------------------------------------------------------------------------------------------------------------------

INPUT FILE: trollI.obj

Irsdv=0000B5B8      

RELOCATABLE SECTION 14  0000B5B8 - 0000B625     SIZE = 0000006E



------------------------------------------------------------------------------------------------------------------------

INPUT FILE: ttyI.obj

Itt=0000B694        ttautoconf=0000B6F4 Ittprobe=0000B626   

RELOCATABLE SECTION 14  0000B626 - 0000B729     SIZE = 00000104



------------------------------------------------------------------------------------------------------------------------

INPUT FILE: udpI.obj

Iuddv=0000B72A      

RELOCATABLE SECTION 14  0000B72A - 0000B74B     SIZE = 00000022



------------------------------------------------------------------------------------------------------------------------

INPUT FILE: vvI.obj

vvconfig=0000B9C8   Ivv=0000B7C4        vvautoconf=0000B996 Ivvprobe=0000B74C   

RELOCATABLE SECTION 14  0000B74C - 0000B9F9     SIZE = 000002AE



------------------------------------------------------------------------------------------------------------------------


                                                                                                    PAGE 13






INPUT FILE: lastI.obj

end=0000B9FA        etext=00008742      edata=0000B9FA      

RELOCATABLE SECTION 9   00008742 - 00008745     SIZE = 00000004
RELOCATABLE SECTION 14  0000B9FA - 0000B9FD     SIZE = 00000004


                                                                                                    PAGE 14






PROGRAM LOAD LIMITS


ABSOLUTE SECTION        EMPTY                                  
RELOCATABLE SECTION 0   00001000 - 0000110F     SIZE = 00000110
RELOCATABLE SECTION 1   EMPTY                                  
RELOCATABLE SECTION 2   EMPTY                                  
RELOCATABLE SECTION 3   EMPTY                                  
RELOCATABLE SECTION 4   EMPTY                                  
RELOCATABLE SECTION 5   EMPTY                                  
RELOCATABLE SECTION 6   EMPTY                                  
RELOCATABLE SECTION 7   EMPTY                                  
RELOCATABLE SECTION 8   EMPTY                                  
RELOCATABLE SECTION 9   00001110 - 00008745     SIZE = 00007636
RELOCATABLE SECTION 10  EMPTY                                  
RELOCATABLE SECTION 11  EMPTY                                  
RELOCATABLE SECTION 12  EMPTY                                  
RELOCATABLE SECTION 13  EMPTY                                  
RELOCATABLE SECTION 14  00008746 - 0000B9FD     SIZE = 000032B8
RELOCATABLE SECTION 15  EMPTY                                  
